// Jest Snapshot v1, https://goo.gl/fbAQLP

exports[`PublicHeader should render snapshot correctly 1`] = `
<DocumentFragment>
  <div
    class="app-header"
    data-testid="public-header"
    id="header"
  >
    <div
      class="desktop-toogler"
    >
      <button
        aria-controls="navbarSupportedContent"
        aria-expanded="false"
        aria-label="Toggle navigation"
        class="menu-toggler btn btn-primary"
        data-bs-target="#navbarSupportedContent"
        data-bs-toggle="collapse"
        type="button"
      >
        <span
          class="bar"
        />
        <span
          class="bar"
        />
        <span
          class="bar"
        />
      </button>
    </div>
    <div
      class="brand"
    >
      <a
        class="brand-logo"
        data-discover="true"
        data-testid="link-home"
        href="/"
      >
        <span
          class="brand-img"
        />
        <span
          class="brand-text"
        >
          Gestión eSports
        </span>
      </a>
    </div>
    <div
      class="menu"
    >
      <div
        class="menu-item"
      >
        <div
          class="menu-link"
        >
          <a
            class="btn btn-outline-theme btn-md text-nowrap"
            data-discover="true"
            data-testid="link-login-nav"
            href="/login"
          >
            Iniciar sesión
          </a>
        </div>
      </div>
      <div
        class="menu-item"
      >
        <div
          class="menu-link"
        >
          <a
            class="btn btn-theme btn-md"
            data-discover="true"
            data-testid="link-register"
            href="/register"
          >
            Registrarse
          </a>
        </div>
      </div>
      <div
        class="menu-item dropdown dropdown-mobile-full"
      >
        <div
          class="menu-link"
        >
          <div
            data-testid="mock-language-selector"
          />
        </div>
      </div>
    </div>
  </div>
</DocumentFragment>
`;
