// Jest Snapshot v1, https://goo.gl/fbAQLP

exports[`EmailVerificationSuccess should render snapshot correctly 1`] = `
<DocumentFragment>
  <div
    class="email-verification"
    data-testid="email-verification-success-page"
  >
    <div
      class="email-verification-content"
    >
      <div
        class="email-verification-icon text-center mb-4"
      >
        <i
          class="fa-solid fa-envelope"
        />
      </div>
      <h1
        class="text-center"
        data-testid="email-verification-success-title"
      >
        ¡Tu cuenta ha sido verificada!
      </h1>
      <div
        class="text-inverse text-opacity-50 text-center mb-4"
        data-testid="email-verification-success-message"
      >
        <p
          class="mb-4"
        >
          Ya puedes iniciar sesión en la plataforma.
        </p>
      </div>
      <div
        class="text-center mt-4"
      >
        <a
          class="btn btn-theme btn-md"
          data-discover="true"
          data-testid="email-verification-success-login"
          href="/login"
        >
          Ir al login
        </a>
      </div>
    </div>
  </div>
</DocumentFragment>
`;
