// Jest Snapshot v1, https://goo.gl/fbAQLP

exports[`HomePage should render snapshot correctly 1`] = `
<DocumentFragment>
  <div
    class="home"
  >
    <div
      class="home-content"
    >
      <h1
        class="text-center"
        data-testid="home-page-title"
      >
        Bienvenido a Gestión eSports
      </h1>
      <div
        class="text-inverse text-opacity-50 text-center mb-4"
        data-testid="home-page-description"
      >
        Gestiona tus equipos de eSports con seguridad y facilidad
      </div>
    </div>
  </div>
</DocumentFragment>
`;
