// Jest Snapshot v1, https://goo.gl/fbAQLP

exports[`LoginPage should render snapshot correctly 1`] = `
<DocumentFragment>
  <div
    class="login"
  >
    <div
      class="login-content"
    >
      <h1
        class="text-center"
        data-testid="login-page-title"
      >
        Iniciar sesión
      </h1>
      <div
        class="text-inverse text-opacity-50 text-center mb-4"
        data-testid="login-page-description"
      >
        Para tu protección, por favor verifica tu identidad.
      </div>
      <div
        data-testid="mock-login-form"
      >
        Mocked Login Form
      </div>
    </div>
  </div>
</DocumentFragment>
`;
