// Jest Snapshot v1, https://goo.gl/fbAQLP

exports[`RegisterPage should render snapshot correctly 1`] = `
<DocumentFragment>
  <div
    class="register"
    data-testid="register-page"
  >
    <div
      class="register-content"
    >
      <h1
        class="text-center"
        data-testid="register-page-title"
      >
        Crear cuenta
      </h1>
      <div
        data-testid="mock-register-form"
      >
        Mocked Register Form
      </div>
    </div>
  </div>
</DocumentFragment>
`;
