// Jest Snapshot v1, https://goo.gl/fbAQLP

exports[`ResetPasswordPage should render snapshot correctly 1`] = `
<DocumentFragment>
  <div
    class="reset-password"
    data-testid="reset-password-page"
  >
    <div
      class="reset-password-content"
    >
      <h1
        class="text-center"
        data-testid="reset-password-title"
      >
        Restablecer contraseña
      </h1>
      <div
        data-testid="mock-reset-password-form"
      >
        Mocked Reset Password Form
      </div>
    </div>
  </div>
</DocumentFragment>
`;
