// Jest Snapshot v1, https://goo.gl/fbAQLP

exports[`ResendVerificationPage should render snapshot correctly 1`] = `
<DocumentFragment>
  <div
    class="resend-verification"
    data-testid="resend-verification-page"
  >
    <div
      class="resend-verification-content"
    >
      <h1
        class="text-center"
        data-testid="resend-verification-title"
      >
        Reenviar correo de verificación
      </h1>
      <div
        data-testid="mock-resend-verification-form"
      >
        Mocked Resend Verification Form
      </div>
    </div>
  </div>
</DocumentFragment>
`;
