// Jest Snapshot v1, https://goo.gl/fbAQLP

exports[`ResetPasswordForm snapshot render 1`] = `
<DocumentFragment>
  <form
    class=""
    novalidate=""
  >
    <div
      class="mb-3"
    >
      <label
        class="form-label"
        data-testid="label-reset-password"
        for="password"
      >
        reset.password
      </label>
      <div
        class="input-group has-validation"
      >
        <input
          aria-describedby="passwordHelp"
          autocomplete="new-password"
          class="form-control"
          data-testid="input-password"
          id="password"
          name="password"
          required=""
          type="password"
          value=""
        />
        <button
          aria-label="register.toggle_password"
          class="btn btn-outline-secondary"
          data-testid="btn-toggle-password"
          tabindex="-1"
          type="button"
        >
          👁️
        </button>
        <div
          class="invalid-feedback"
        />
      </div>
      <small
        class="text-muted form-text"
        id="passwordHelp"
      >
        register.password_help
      </small>
      <div
        class="form-text"
      >
        <span
          data-testid="password-strength-label"
        >
          register.strength.weak
        </span>
        <div
          aria-hidden="true"
          class="progress mt-1"
        >
          <div
            class="progress-bar bg-danger progressBar progressBar-1"
            data-testid="password-strength-bar"
          />
        </div>
      </div>
    </div>
    <div
      class="d-grid"
    >
      <button
        class="btn btn-primary"
        data-testid="btn-reset-password"
        type="submit"
      >
        reset.submit
      </button>
    </div>
  </form>
</DocumentFragment>
`;
