// Jest Snapshot v1, https://goo.gl/fbAQLP

exports[`ResetPasswordForm should render snapshot correctly 1`] = `
<DocumentFragment>
  <form
    class=""
    data-testid="reset-password-form"
    novalidate=""
  >
    <div
      class="mb-3"
    >
      <input
        class="form-control"
        data-testid="reset-password-form-token"
        id="password"
        name="token"
        readonly=""
        type="hidden"
        value="mock-token"
      />
      <label
        class="form-label"
        data-testid="label-reset-password"
        for="password"
      >
        reset.password
      </label>
      <div
        class="input-group has-validation"
      >
        <input
          aria-describedby="passwordHelp"
          aria-errormessage="reset-password-form-password-error"
          aria-required="true"
          autocomplete="new-password"
          class="bg-white bg-opacity-5 form-control form-control-lg"
          data-testid="reset-password-form-password-input"
          id="password"
          name="password"
          required=""
          type="password"
          value=""
        />
        <button
          aria-label="register.toggle_password"
          class="btn btn-outline-secondary"
          data-testid="btn-toggle-password"
          tabindex="-1"
          type="button"
        >
          👁️
        </button>
      </div>
      <small
        class="text-muted form-text"
        data-testid="reset-password-form-password-help"
        id="passwordHelp"
      >
        register.password_help
      </small>
      <div
        aria-atomic="true"
        aria-live="polite"
        class="invalid-feedback"
        data-testid="reset-password-form-password-error"
        role="alert"
      />
      <div
        class="form-text"
      >
        <span
          aria-atomic="true"
          aria-live="polite"
          data-testid="password-strength-label"
          role="alert"
        >
          register.strength.weak
        </span>
        <div
          aria-hidden="true"
          class="progress mt-1"
        >
          <div
            class="progress-bar bg-danger progressBar progressBar-1"
            data-testid="password-strength-bar"
          />
        </div>
      </div>
    </div>
    <div
      class="d-grid"
    >
      <button
        aria-busy="false"
        class="d-block w-100 fw-500 mb-3 btn btn-outline-theme btn-lg"
        data-testid="reset-password-form-button"
        type="submit"
      >
        reset.submit
      </button>
    </div>
  </form>
</DocumentFragment>
`;
