// Jest Snapshot v1, https://goo.gl/fbAQLP

exports[`ResetPasswordForm should render snapshot correctly 1`] = `
<DocumentFragment>
  <form
    class=""
    data-testid="reset-password-form"
    novalidate=""
  >
    <div
      class="mb-3"
    >
      <input
        class="form-control"
        data-testid="reset-password-form-token"
        id="password"
        name="token"
        readonly=""
        type="hidden"
        value="mock-token"
      />
      <label
        class="form-label"
        data-testid="label-reset-password"
        for="password"
      >
        reset.password
      </label>
      <div
        class="input-group has-validation"
      >
        <input
          aria-describedby="passwordHelp"
          aria-errormessage="reset-password-form-password-error"
          aria-invalid="false"
          aria-required="true"
          autocomplete="new-password"
          class="bg-white bg-opacity-5 form-control form-control-lg"
          data-testid="reset-password-form-password-input"
          id="password"
          name="password"
          required=""
          type="password"
          value=""
        />
        <button
          aria-label="register.toggle_password"
          class="btn btn-outline-secondary"
          data-testid="btn-toggle-password"
          tabindex="-1"
          type="button"
        >
          <i
            class="bi bi-eye"
          />
        </button>
      </div>
      <small
        class="text-muted form-text"
        data-testid="reset-password-form-password-help"
        id="passwordHelp"
      >
        register.password_help
      </small>
      <div
        aria-atomic="true"
        aria-live="polite"
        class="invalid-feedback"
        data-testid="reset-password-form-password-error"
        role="alert"
      />
      <div
        class="password-strength"
        data-testid="password-strength-meter"
      >
        <div
          class="password-strength__requirements"
          data-testid="password-strength-requirements"
        >
          <div
            class="password-strength__requirement"
            data-testid="password-requirement-length"
          >
            <div
              class="password-strength__icon-container"
            >
              <i
                aria-hidden="true"
                class="bi bi-circle text-muted"
              />
              <span
                class="password-strength__label"
              >
                register.password_requirements.length
              </span>
            </div>
          </div>
          <div
            class="password-strength__requirement"
            data-testid="password-requirement-lowercase"
          >
            <div
              class="password-strength__icon-container"
            >
              <i
                aria-hidden="true"
                class="bi bi-circle text-muted"
              />
              <span
                class="password-strength__label"
              >
                register.password_requirements.lowercase
              </span>
            </div>
          </div>
          <div
            class="password-strength__requirement"
            data-testid="password-requirement-uppercase"
          >
            <div
              class="password-strength__icon-container"
            >
              <i
                aria-hidden="true"
                class="bi bi-circle text-muted"
              />
              <span
                class="password-strength__label"
              >
                register.password_requirements.uppercase
              </span>
            </div>
          </div>
          <div
            class="password-strength__requirement"
            data-testid="password-requirement-digit"
          >
            <div
              class="password-strength__icon-container"
            >
              <i
                aria-hidden="true"
                class="bi bi-circle text-muted"
              />
              <span
                class="password-strength__label"
              >
                register.password_requirements.digit
              </span>
            </div>
          </div>
        </div>
        <div
          class="password-strength__progress-container mt-2"
          data-testid="password-strength-progress-container"
        >
          <progress
            aria-label="register.strength.progress_label"
            class="progress password-strength__progress"
            data-testid="password-strength-progress"
            max="100"
            value="0"
          >
            0%
          </progress>
        </div>
        <div
          class="password-strength__strength-indicator mt-2"
          data-testid="password-strength-strength-indicator"
        >
          <span
            aria-atomic="true"
            aria-live="polite"
            class="password-strength__strength-text password-strength__strength-text--weak"
            data-testid="password-strength-label"
            role="alert"
          >
            register.strength.weak
          </span>
        </div>
      </div>
    </div>
    <div
      class="mb-3"
    >
      <label
        class="form-label"
        data-testid="label-reset-confirm-password"
        for="confirmPassword"
      >
        reset.confirm_password
      </label>
      <div
        class="input-group has-validation"
      >
        <input
          aria-describedby="confirmPasswordHelp"
          aria-errormessage="reset-password-form-confirm-password-error"
          aria-invalid="false"
          aria-required="true"
          autocomplete="new-password"
          class="bg-white bg-opacity-5 form-control form-control-lg"
          data-testid="reset-password-form-confirm-password-input"
          id="confirmPassword"
          name="confirmPassword"
          required=""
          type="password"
          value=""
        />
        <button
          aria-label="register.toggle_password"
          class="btn btn-outline-secondary"
          data-testid="btn-toggle-confirm-password"
          tabindex="-1"
          type="button"
        >
          <i
            class="bi bi-eye"
          />
        </button>
      </div>
      <small
        class="text-muted form-text"
        data-testid="reset-password-form-confirm-password-help"
        id="confirmPasswordHelp"
      >
        reset.confirm_password_help
      </small>
      <div
        aria-atomic="true"
        aria-live="polite"
        class="invalid-feedback"
        data-testid="reset-password-form-confirm-password-error"
        role="alert"
      />
    </div>
    <div
      class="d-grid"
    >
      <button
        aria-busy="false"
        class="d-block w-100 fw-500 mb-3 btn btn-outline-theme btn-lg"
        data-testid="reset-password-form-button"
        type="submit"
      >
        reset.submit
      </button>
    </div>
  </form>
</DocumentFragment>
`;
