// Jest Snapshot v1, https://goo.gl/fbAQLP

exports[`ResendVerificationForm should render snapshot correctly 1`] = `
<DocumentFragment>
  <p
    class="text-muted"
  />
  <form
    class=""
    data-testid="email-verification-resend-form"
    novalidate=""
  >
    <div
      class="mb-3"
    >
      <label
        class="form-label"
        data-testid="email-verification-resend-form-identifier-label"
        for="identifier"
      >
        verification.resend.label
      </label>
      <input
        aria-errormessage="email-verification-resend-form-identifier-error"
        aria-required="true"
        class="bg-white bg-opacity-5 form-control form-control-lg"
        data-testid="email-verification-resend-form-identifier-input"
        id="identifier"
        name="identifier"
        required=""
        type="text"
        value=""
      />
      <div
        aria-atomic="true"
        aria-live="polite"
        class="invalid-feedback"
        data-testid="email-verification-resend-form-identifier-error"
        role="alert"
      />
    </div>
    <div
      class="d-grid"
    >
      <button
        aria-busy="false"
        class="d-block w-100 fw-500 mb-3 btn btn-outline-theme btn-lg"
        data-testid="email-verification-resend-form-button"
        type="submit"
      >
        verification.resend.button
      </button>
    </div>
  </form>
</DocumentFragment>
`;
